// Jest Snapshot v1, https://goo.gl/fbAQLP

exports[`Tests with both non-empty fixtures .test with .ini format 1`] = `
"{
    common: {
      + follow: false
        sameArray: 1,2,3
        setting1: Value 1
      - setting2: 200
      - setting3: true
      + setting3: {
            key: value
        }
      + setting4: blah blah
      + setting5: {
            key5: value5
        }
        setting6: {
            doge: {
              - wow: too much
              + wow: so much
            }
            key: value
          + ops: vops
        }
    }
  - differentArray: c,b,a
  + differentArray: a,b,c
    group1: {
      - baz: bas
      + baz: bars
        foo: bar
      - nest: {
            key: value
        }
      + nest: str
    }
  - group2: {
        abc: 12345
        deep: {
            id: 45
        }
    }
  + group3: {
        fee: 100500
        anotherNullValue: null
        deep: {
            id: {
                number: 45
            }
        }
    }
  - nullValue: null
}"
`;

exports[`Tests with both non-empty fixtures .test with .json format 1`] = `
"{
    common: {
      + follow: false
        sameArray: 1,2,3
        setting1: Value 1
      - setting2: 200
      - setting3: true
      + setting3: {
            key: value
        }
      + setting4: blah blah
      + setting5: {
            key5: value5
        }
        setting6: {
            doge: {
              - wow: too much
              + wow: so much
            }
            key: value
          + ops: vops
        }
    }
  - differentArray: c,b,a
  + differentArray: a,b,c
    group1: {
      - baz: bas
      + baz: bars
        foo: bar
      - nest: {
            key: value
        }
      + nest: str
    }
  - group2: {
        abc: 12345
        deep: {
            id: 45
        }
    }
  + group3: {
        fee: 100500
        deep: {
            id: {
                number: 45
            }
        }
        anotherNullValue: null
    }
  - nullValue: null
}"
`;

exports[`Tests with both non-empty fixtures .test with .yaml format 1`] = `
"{
    common: {
      + follow: false
        sameArray: 1,2,3
        setting1: Value 1
      - setting2: 200
      - setting3: true
      + setting3: {
            key: value
        }
      + setting4: blah blah
      + setting5: {
            key5: value5
        }
        setting6: {
            doge: {
              - wow: too much
              + wow: so much
            }
            key: value
          + ops: vops
        }
    }
  - differentArray: c,b,a
  + differentArray: a,b,c
    group1: {
      - baz: bas
      + baz: bars
        foo: bar
      - nest: {
            key: value
        }
      + nest: str
    }
  - group2: {
        abc: 12345
        deep: {
            id: 45
        }
    }
  + group3: {
        fee: 100500
        deep: {
            id: {
                number: 45
            }
        }
        anotherNullValue: null
    }
  - nullValue: null
}"
`;
